<!doctype html>

<html lang="en">
<head>
  <meta charset="utf-8">

  <title>Closest Friends on Twitter</title>
  <meta name="description" content="The HTML5 Herald">
  <meta name="author" content="SitePoint">
<!-- vue cdn script <script src="https://unpkg.com/vue"></script> -->
<!-- styles here -->
<style type="text/css">
@import url('https://fonts.googleapis.com/css?family=Noto+Sans');

body {
  --twitter-color:#1DA1F2;
  --twitter-color-darker:#1091E2;
  margin: 0;
  padding: 0;
}
.wrapper {
	font-family: 'Noto Sans', sans-serif;
}

input {
  font-family: 'Noto Sans', sans-serif;
  font-size:20px;
}

a {
  font-style: none;
  text-decoration: none;
  color: inherit;
}

.header {
  height: 180px;
  width: 100%;
  background-color: var(--twitter-color);
  color:white;
  padding: 5px 30px;
}

.header-form {
  display: flex;
  flex-direction: row;
}

.header-form div {
  margin: 5px;
  margin-left: 0px;
  margin-right:12px;
  font-size:18px;
}

#rest-button {
  border-radius:0;
  //border-style:none;
  height:35px;
  font-family: 'Noto Sans', sans-serif;
}

#friends-container {
  padding: 10px 30px;
}

#container {
  display: grid;
  grid-template-columns: 1fr 1fr 1fr 1fr 1fr;
}

.friend-div {
  border-radius:3px;
  margin-top: 10px;
  margin-right: 20px;
  padding:5px 10px;
  height: 75px;
  font-size:14px;
  color: var(--twitter-color);
  font-weight: 500;
  box-shadow: 0 4px 8px rgba(0,0,0,0.20), 0 1px 3px rgba(0,0,0,0.28);
  transition: box-shadow 300ms ease-in-out;
}

.friend-name {
  font-size:20px;
}

.friend-div:hover {
  box-shadow: 0 5px 12px rgba(0,0,0,0.30), 0 2px 6px rgba(0,0,0,0.32);
  color:var(--twitter-color-darker);
}

.info-div {
  margin-top: 15px;
  margin-left: 4px;
  font-size:23px;
  color: var(--twitter-color);
}
</style>

</head>

<body>
<!-- body here -->
	<div class="wrapper"> 
		<div class = "header"> 
      <h1> Find Closest Friends on Twitter </h1>
      <div class="header-form">
        <div> user name <br/> <input id='screen_name'> </input> </div>
     
        <div> max count <br/> <input id='max_count'> </input> </div>

        <div> 
          <br/>
          <button id="rest-button"> submit</button>
        </div>
      
      </div>
    </div>

		<div id="friends-container"> </div>
	</div>

<!-- scripts here -->
<script type="text/javascript">

function getParameterByName(name, url) {
  
    if (!url) { url = window.location.href }
    console.log('Getting query parameter ' + name + ' from [' + url + ']')

    name = name.replace(/[\[\]]/g, "\\$&")
    var regex = new RegExp( "[?&]" + name + "(=([^&#]*)|&|#|$)" )
    results = regex.exec(url)

    if (!results) { return null }
    if (!results[2]) { return '' }

    return decodeURIComponent(results[2].replace(/\+/g, " "))
}

var screen_name_input = document.getElementById('screen_name')
var max_count_input = document.getElementById('max_count')
var display_container = document.getElementById('friends-container')
var rest_button = document.getElementById('rest-button')

var cur_screen_name = getParameterByName('screen_name')
var cur_max_count = getParameterByName('max_count')
var containerInnerHTML = ""
var restResponse = ""

function updateDisplayContainer(content) {
  display_container.innerHTML = content
}

var fetching = false
var fetched = false
var hasError = false

if (cur_max_count === null) {
    cur_max_count = 5
}
if (cur_screen_name !== null) {
   screen_name_input.value = cur_screen_name
}

max_count_input.value = cur_max_count

function update_max_count() {
  cur_max_count = Number.parseInt(max_count_input.value)
  console.log('cur_max_count changed to ' + cur_max_count)
  //updateDisplayContainer(friendHtml('', cur_max_count))
}

function update_screen_name() {
  cur_screen_name = screen_name_input.value
  console.log('cur_screen_name changed to ' + cur_screen_name)
}

max_count_input.addEventListener("keyup", update_max_count, false)

screen_name_input.addEventListener("keyup", update_screen_name, false)

function goGetFriends() {
  update_max_count()
  update_screen_name()
  getFriends(cur_screen_name, cur_max_count)
}

function friendHtml(user_info, cur_mc) {
  var user_screen_name = user_info.screen_name 
  var user_name = user_info.name
  var user_href = '/golden/?screen_name='+user_screen_name+'&max_count=' + cur_mc
  template = '<div class="friend-div"> <a href="'+user_href+'"> <div class="friend-name">'+user_name+'</div>  <div>@'+user_screen_name+'</div> </a> </div>'
  return template
}

function getFriends(sn, mc) {
  hasError = false
  fetching = true
  fetched = false
  var xhttp = new XMLHttpRequest()
  url = '/golden/data/?screen_name='+sn+'&max_count=' + mc
  console.log('trying to get data by '+url)
  xhttp.onreadystatechange = function() {
    // logging
    console.log('xhttp request state changed')
    console.log('xhttp request ready state is')
    console.log(this.readyState)
    console.log('xhttp request status is')
    console.log(this.status)
    console.log('xhttp request response is')
    console.log(this.response)

    if (this.readyState === 4 && this.status === 200) {
       // Action to be performed when the document is read;
       if (this.response.startsWith('invalid')) {
          hasError = true
       } else {
          hasError = false
       }    
       fetched = true
       fetching = false
       restResponse = this.response
       updateDisplayAccordingly()
    } else if (this.status === 500) {
      // error
      hasError = true
      fetched = true
      fetching = false
      updateDisplayAccordingly()
    }
  }
  xhttp.open("GET", url)
  xhttp.send()
  updateDisplayAccordingly()
}

function updateDisplayAccordingly() {
  //if (restResponse === "") { return }
  if (fetching) {
    var loadingDiv = '<div class="info-div">Loading ...</div>'
    updateDisplayContainer(loadingDiv)
    return
  }
  if (hasError) {
    var errorDiv = '<div class="info-div" style="color:orange">Something went wrong! Please make sure the inputs are valid! </div>'
    updateDisplayContainer(errorDiv)
    return
  }
  if (hasError === false) {
    var friendList = JSON.parse(restResponse)
    var friendDivsList = friendList.map(function(item) {
      return friendHtml(item, cur_max_count)
    })
    var displayContainerInnerHTML = friendDivsList.join('')
    displayContainerInnerHTML = '<div id="container">' + displayContainerInnerHTML + '</div>'
    updateDisplayContainer(displayContainerInnerHTML)
  } 
}

rest_button.addEventListener("click", goGetFriends, false)

console.log('Upon loading, the current screen name is')
console.log(cur_screen_name)
console.log('Upon loading, the current max count is')
console.log(cur_max_count)

if (cur_screen_name !== null) {
  // trigger event to fetch
  goGetFriends()
}

</script>

</body>
</html>